<?xml version="1.0" encoding="UTF-8" ?>
<testsuites name="vitest tests" tests="81" failures="0" errors="0" time="30.429065239">
    <testsuite name="tests/api/tradein.test.ts" timestamp="2026-01-09T19:14:28.771Z" hostname="eba8fab8ce80" tests="5" failures="0" errors="0" skipped="0" time="1.71717539">
        <testcase classname="tests/api/tradein.test.ts" name="P0-FORM-3: Trade-In Request &gt; POST /api/trade-in &gt; returns 200/201 with valid payload" time="0.508810144">
            <system-out>
[GHL] Trade-in contact created successfully

            </system-out>
        </testcase>
        <testcase classname="tests/api/tradein.test.ts" name="P0-FORM-3: Trade-In Request &gt; POST /api/trade-in &gt; returns 400 VALIDATION_ERROR when required fields missing" time="0.166870747">
        </testcase>
        <testcase classname="tests/api/tradein.test.ts" name="P0-FORM-3: Trade-In Request &gt; POST /api/trade-in &gt; returns 400 VALIDATION_ERROR when condition invalid" time="0.275502289">
        </testcase>
        <testcase classname="tests/api/tradein.test.ts" name="P0-FORM-3: Trade-In Request &gt; POST /api/trade-in &gt; returns 400 VALIDATION_ERROR when email invalid" time="0.305974181">
        </testcase>
        <testcase classname="tests/api/tradein.test.ts" name="P0-FORM-3: Trade-In Request &gt; POST /api/trade-in &gt; returns 400 VALIDATION_ERROR for extra unknown fields (strict schema)" time="0.203791325">
        </testcase>
    </testsuite>
    <testsuite name="tests/integration/settings.test.ts" timestamp="2026-01-09T19:14:28.779Z" hostname="eba8fab8ce80" tests="3" failures="0" errors="0" skipped="0" time="1.271357589">
        <testcase classname="tests/integration/settings.test.ts" name="Settings API &gt; GET /api/settings &gt; returns 200 and site settings object" time="0.296600837">
        </testcase>
        <testcase classname="tests/integration/settings.test.ts" name="Settings API &gt; GET /api/settings &gt; returns expected settings fields" time="0.429102561">
        </testcase>
        <testcase classname="tests/integration/settings.test.ts" name="Settings API &gt; PATCH /api/settings (protected) &gt; returns 401 when not authenticated" time="0.305188502">
        </testcase>
    </testsuite>
    <testsuite name="tests/api/auth.test.ts" timestamp="2026-01-09T19:14:28.786Z" hostname="eba8fab8ce80" tests="8" failures="0" errors="0" skipped="0" time="2.629099306">
        <testcase classname="tests/api/auth.test.ts" name="P0-AUTH: Authentication Endpoints &gt; POST /api/auth/login (P0-AUTH-1) &gt; returns 200 with valid credentials" time="0.33517564">
        </testcase>
        <testcase classname="tests/api/auth.test.ts" name="P0-AUTH: Authentication Endpoints &gt; POST /api/auth/login (P0-AUTH-1) &gt; returns 400 when username missing" time="0.272107196">
        </testcase>
        <testcase classname="tests/api/auth.test.ts" name="P0-AUTH: Authentication Endpoints &gt; POST /api/auth/login (P0-AUTH-1) &gt; returns 400 when password missing" time="0.204950806">
        </testcase>
        <testcase classname="tests/api/auth.test.ts" name="P0-AUTH: Authentication Endpoints &gt; POST /api/auth/login (P0-AUTH-1) &gt; ignores extra unknown fields and allows login" time="0.31854143">
        </testcase>
        <testcase classname="tests/api/auth.test.ts" name="P0-AUTH: Authentication Endpoints &gt; POST /api/auth/login (P0-AUTH-1) &gt; returns 401 for invalid password" time="0.301310648">
        </testcase>
        <testcase classname="tests/api/auth.test.ts" name="P0-AUTH: Authentication Endpoints &gt; POST /api/auth/logout (P0-AUTH-2) &gt; returns 200 and clears session" time="0.375175143">
        </testcase>
        <testcase classname="tests/api/auth.test.ts" name="P0-AUTH: Authentication Endpoints &gt; GET /api/auth/session (P0-AUTH-3) &gt; returns authenticated:false when not logged in" time="0.229751777">
        </testcase>
        <testcase classname="tests/api/auth.test.ts" name="P0-AUTH: Authentication Endpoints &gt; GET /api/auth/session (P0-AUTH-3) &gt; returns authenticated:true after login" time="0.31187068">
        </testcase>
    </testsuite>
    <testsuite name="tests/api/inquiry.test.ts" timestamp="2026-01-09T19:14:28.800Z" hostname="eba8fab8ce80" tests="4" failures="0" errors="0" skipped="0" time="1.746035521">
        <testcase classname="tests/api/inquiry.test.ts" name="P0-FORM-2: Vehicle Inquiry &gt; POST /api/vehicle-inquiry &gt; returns 200/201 with valid payload" time="0.501894975">
            <system-out>
[Inquiry] Saved inquiry fdd22a8b-3fe7-4993-98e0-92598689522f for vehicle 9093f82b-cc59-412a-8817-7e734381e004

            </system-out>
        </testcase>
        <testcase classname="tests/api/inquiry.test.ts" name="P0-FORM-2: Vehicle Inquiry &gt; POST /api/vehicle-inquiry &gt; returns 400 VALIDATION_ERROR when buyerEmail invalid" time="0.289676418">
        </testcase>
        <testcase classname="tests/api/inquiry.test.ts" name="P0-FORM-2: Vehicle Inquiry &gt; POST /api/vehicle-inquiry &gt; returns 400 VALIDATION_ERROR when required fields missing" time="0.246348159">
        </testcase>
        <testcase classname="tests/api/inquiry.test.ts" name="P0-FORM-2: Vehicle Inquiry &gt; POST /api/vehicle-inquiry &gt; returns 400 VALIDATION_ERROR for extra unknown fields (strict schema)" time="0.423142502">
        </testcase>
    </testsuite>
    <testsuite name="tests/api/appointment.test.ts" timestamp="2026-01-09T19:14:28.807Z" hostname="eba8fab8ce80" tests="5" failures="0" errors="0" skipped="0" time="1.74522032">
        <testcase classname="tests/api/appointment.test.ts" name="P0-FORM-5: Appointment Booking &gt; POST /api/appointments &gt; returns 200/201 with valid payload" time="0.504590772">
            <system-out>
[GHL] Appointment contact created successfully

            </system-out>
        </testcase>
        <testcase classname="tests/api/appointment.test.ts" name="P0-FORM-5: Appointment Booking &gt; POST /api/appointments &gt; returns 400 VALIDATION_ERROR when required fields missing" time="0.232230044">
        </testcase>
        <testcase classname="tests/api/appointment.test.ts" name="P0-FORM-5: Appointment Booking &gt; POST /api/appointments &gt; returns 400 VALIDATION_ERROR when appointmentType invalid" time="0.293155779">
        </testcase>
        <testcase classname="tests/api/appointment.test.ts" name="P0-FORM-5: Appointment Booking &gt; POST /api/appointments &gt; returns 400 VALIDATION_ERROR when email invalid" time="0.214374956">
        </testcase>
        <testcase classname="tests/api/appointment.test.ts" name="P0-FORM-5: Appointment Booking &gt; POST /api/appointments &gt; returns 400 VALIDATION_ERROR for extra unknown fields (strict schema)" time="0.227328634">
        </testcase>
    </testsuite>
    <testsuite name="tests/api/inventory.test.ts" timestamp="2026-01-09T19:14:28.812Z" hostname="eba8fab8ce80" tests="13" failures="0" errors="0" skipped="0" time="5.062854743">
        <testcase classname="tests/api/inventory.test.ts" name="P0-CRUD-1: Create Vehicle &gt; POST /api/inventory &gt; returns 201 with valid payload (authenticated)" time="0.349028921">
        </testcase>
        <testcase classname="tests/api/inventory.test.ts" name="P0-CRUD-1: Create Vehicle &gt; POST /api/inventory &gt; requires authentication for creation" time="0.27122427">
        </testcase>
        <testcase classname="tests/api/inventory.test.ts" name="P0-CRUD-1: Create Vehicle &gt; POST /api/inventory &gt; returns 400 VALIDATION_ERROR when required fields missing" time="0.304920853">
        </testcase>
        <testcase classname="tests/api/inventory.test.ts" name="P0-CRUD-1: Create Vehicle &gt; POST /api/inventory &gt; returns 400 VALIDATION_ERROR for extra unknown fields (strict schema)" time="0.31752716">
        </testcase>
        <testcase classname="tests/api/inventory.test.ts" name="P0-CRUD-2: Edit Vehicle &gt; PATCH /api/inventory/:id &gt; returns 200 with valid update (authenticated)" time="0.32248934">
        </testcase>
        <testcase classname="tests/api/inventory.test.ts" name="P0-CRUD-2: Edit Vehicle &gt; PATCH /api/inventory/:id &gt; returns 401 when not authenticated" time="0.241526041">
        </testcase>
        <testcase classname="tests/api/inventory.test.ts" name="P0-CRUD-2: Edit Vehicle &gt; PATCH /api/inventory/:id &gt; returns 400 VALIDATION_ERROR for invalid price" time="0.377944942">
        </testcase>
        <testcase classname="tests/api/inventory.test.ts" name="P0-CRUD-2: Edit Vehicle &gt; PATCH /api/inventory/:id &gt; returns 400 VALIDATION_ERROR for extra unknown fields (strict schema)" time="0.418504212">
        </testcase>
        <testcase classname="tests/api/inventory.test.ts" name="P0-CRUD-3: Delete Vehicle &gt; DELETE /api/inventory/:id &gt; returns 200 when deleting (authenticated)" time="0.435686199">
        </testcase>
        <testcase classname="tests/api/inventory.test.ts" name="P0-CRUD-3: Delete Vehicle &gt; DELETE /api/inventory/:id &gt; returns 401 when not authenticated" time="0.265638072">
        </testcase>
        <testcase classname="tests/api/inventory.test.ts" name="P0-PUB-1: Public Inventory Listing &gt; GET /api/inventory &gt; returns 200 with array of vehicles" time="0.271505375">
        </testcase>
        <testcase classname="tests/api/inventory.test.ts" name="P0-PUB-2: Public Vehicle Details &gt; GET /api/inventory/:idOrSlug &gt; returns 200 for existing vehicle" time="0.355851426">
        </testcase>
        <testcase classname="tests/api/inventory.test.ts" name="P0-PUB-2: Public Vehicle Details &gt; GET /api/inventory/:idOrSlug &gt; returns 404 for non-existent vehicle" time="0.220857279">
        </testcase>
    </testsuite>
    <testsuite name="tests/integration/public-forms.test.ts" timestamp="2026-01-09T19:14:28.821Z" hostname="eba8fab8ce80" tests="7" failures="0" errors="0" skipped="0" time="2.732025712">
        <testcase classname="tests/integration/public-forms.test.ts" name="Public Form Submissions &gt; POST /api/vehicle-inquiry &gt; returns 400 for missing required fields" time="0.355089153">
        </testcase>
        <testcase classname="tests/integration/public-forms.test.ts" name="Public Form Submissions &gt; POST /api/vehicle-inquiry &gt; returns 201 for valid inquiry submission" time="0.262317549">
        </testcase>
        <testcase classname="tests/integration/public-forms.test.ts" name="Public Form Submissions &gt; POST /api/trade-in &gt; returns 400 for missing required fields" time="0.232614234">
        </testcase>
        <testcase classname="tests/integration/public-forms.test.ts" name="Public Form Submissions &gt; POST /api/trade-in &gt; accepts valid trade-in submission" time="0.542149952">
        </testcase>
        <testcase classname="tests/integration/public-forms.test.ts" name="Public Form Submissions &gt; POST /api/appointments &gt; returns 400 for missing required fields" time="0.315446642">
        </testcase>
        <testcase classname="tests/integration/public-forms.test.ts" name="Public Form Submissions &gt; POST /api/credit-applications &gt; returns 400 for missing required fields" time="0.275645267">
        </testcase>
        <testcase classname="tests/integration/public-forms.test.ts" name="Public Form Submissions &gt; POST /api/consignments &gt; returns 400 for missing required fields" time="0.429953791">
        </testcase>
    </testsuite>
    <testsuite name="tests/integration/auth.test.ts" timestamp="2026-01-09T19:14:28.826Z" hostname="eba8fab8ce80" tests="7" failures="0" errors="0" skipped="0" time="3.072542393">
        <testcase classname="tests/integration/auth.test.ts" name="Authentication &gt; POST /api/auth/login &gt; returns 400 if username or password missing" time="0.240557518">
        </testcase>
        <testcase classname="tests/integration/auth.test.ts" name="Authentication &gt; POST /api/auth/login &gt; returns 401 for invalid credentials" time="0.313364088">
        </testcase>
        <testcase classname="tests/integration/auth.test.ts" name="Authentication &gt; POST /api/auth/login &gt; validates login endpoint exists and handles requests" time="0.381525275">
        </testcase>
        <testcase classname="tests/integration/auth.test.ts" name="Authentication &gt; GET /api/auth/session &gt; returns authenticated: false when not logged in" time="0.536060914">
        </testcase>
        <testcase classname="tests/integration/auth.test.ts" name="Authentication &gt; GET /api/auth/session &gt; validates session endpoint works correctly" time="0.549008478">
        </testcase>
        <testcase classname="tests/integration/auth.test.ts" name="Authentication &gt; Protected Routes &gt; blocks access to protected routes when not logged in" time="0.38318582">
        </testcase>
        <testcase classname="tests/integration/auth.test.ts" name="Authentication &gt; Protected Routes &gt; verifies master-only route requires authentication" time="0.281605623">
        </testcase>
    </testsuite>
    <testsuite name="tests/api/seller.test.ts" timestamp="2026-01-09T19:14:28.832Z" hostname="eba8fab8ce80" tests="8" failures="0" errors="0" skipped="0" time="3.078500134">
        <testcase classname="tests/api/seller.test.ts" name="P0-AUTH-4: Seller Portal Phone Authentication &gt; POST /api/seller/send-code &gt; returns 200 with valid phone number" time="0.668199151">
        </testcase>
        <testcase classname="tests/api/seller.test.ts" name="P0-AUTH-4: Seller Portal Phone Authentication &gt; POST /api/seller/send-code &gt; returns 400 VALIDATION_ERROR when phone missing" time="0.318364857">
        </testcase>
        <testcase classname="tests/api/seller.test.ts" name="P0-AUTH-4: Seller Portal Phone Authentication &gt; POST /api/seller/send-code &gt; returns 400 VALIDATION_ERROR when phone too short" time="0.292616732">
        </testcase>
        <testcase classname="tests/api/seller.test.ts" name="P0-AUTH-4: Seller Portal Phone Authentication &gt; POST /api/seller/send-code &gt; returns 400 VALIDATION_ERROR for extra unknown fields (strict schema)" time="0.218245395">
        </testcase>
        <testcase classname="tests/api/seller.test.ts" name="P0-AUTH-4: Seller Portal Phone Authentication &gt; POST /api/seller/verify &gt; returns 400 VALIDATION_ERROR when phone missing" time="0.502200419">
        </testcase>
        <testcase classname="tests/api/seller.test.ts" name="P0-AUTH-4: Seller Portal Phone Authentication &gt; POST /api/seller/verify &gt; returns 400 VALIDATION_ERROR when code missing" time="0.236798888">
        </testcase>
        <testcase classname="tests/api/seller.test.ts" name="P0-AUTH-4: Seller Portal Phone Authentication &gt; POST /api/seller/verify &gt; returns 400 VALIDATION_ERROR when code is wrong length" time="0.256679506">
        </testcase>
        <testcase classname="tests/api/seller.test.ts" name="P0-AUTH-4: Seller Portal Phone Authentication &gt; POST /api/seller/verify &gt; returns 400 VALIDATION_ERROR for extra unknown fields (strict schema)" time="0.224997448">
        </testcase>
    </testsuite>
    <testsuite name="tests/integration/health.test.ts" timestamp="2026-01-09T19:14:28.838Z" hostname="eba8fab8ce80" tests="1" failures="0" errors="0" skipped="0" time="0.541623824">
        <testcase classname="tests/integration/health.test.ts" name="Health Endpoint &gt; GET /api/health returns 200 and status ok" time="0.250945422">
        </testcase>
    </testsuite>
    <testsuite name="tests/api/creditapp.test.ts" timestamp="2026-01-09T19:14:28.839Z" hostname="eba8fab8ce80" tests="5" failures="0" errors="0" skipped="0" time="2.024816503">
        <testcase classname="tests/api/creditapp.test.ts" name="P0-FORM-4: Credit Application &gt; POST /api/credit-applications &gt; returns 201 with valid payload" time="0.697957526">
            <system-out>
[GHL] Credit application contact created successfully

            </system-out>
        </testcase>
        <testcase classname="tests/api/creditapp.test.ts" name="P0-FORM-4: Credit Application &gt; POST /api/credit-applications &gt; returns 400 VALIDATION_ERROR when required fields missing" time="0.220054343">
        </testcase>
        <testcase classname="tests/api/creditapp.test.ts" name="P0-FORM-4: Credit Application &gt; POST /api/credit-applications &gt; returns 400 VALIDATION_ERROR when email invalid" time="0.317456671">
        </testcase>
        <testcase classname="tests/api/creditapp.test.ts" name="P0-FORM-4: Credit Application &gt; POST /api/credit-applications &gt; returns 400 VALIDATION_ERROR when monthlyIncome is negative" time="0.280356714">
        </testcase>
        <testcase classname="tests/api/creditapp.test.ts" name="P0-FORM-4: Credit Application &gt; POST /api/credit-applications &gt; returns 400 VALIDATION_ERROR for extra unknown fields (strict schema)" time="0.203987212">
        </testcase>
    </testsuite>
    <testsuite name="tests/api/consignment.test.ts" timestamp="2026-01-09T19:14:28.844Z" hostname="eba8fab8ce80" tests="10" failures="0" errors="0" skipped="0" time="2.943978356">
        <testcase classname="tests/api/consignment.test.ts" name="P0-FORM-1: Consignment Submission &gt; POST /api/consignments &gt; validates payload format (phone verification required for success)" time="0.224966867">
        </testcase>
        <testcase classname="tests/api/consignment.test.ts" name="P0-FORM-1: Consignment Submission &gt; POST /api/consignments &gt; returns 400 VALIDATION_ERROR when required fields missing" time="0.275113128">
        </testcase>
        <testcase classname="tests/api/consignment.test.ts" name="P0-FORM-1: Consignment Submission &gt; POST /api/consignments &gt; returns 400 VALIDATION_ERROR when email invalid" time="0.208180974">
        </testcase>
        <testcase classname="tests/api/consignment.test.ts" name="P0-FORM-1: Consignment Submission &gt; POST /api/consignments &gt; returns 400 VALIDATION_ERROR for extra unknown fields (strict schema)" time="0.275978779">
        </testcase>
        <testcase classname="tests/api/consignment.test.ts" name="P0-CRUD-4: Consignment Status Update &gt; PATCH /api/consignments/:id/status &gt; handles status update for existing consignment (authenticated)" time="0.317514678">
        </testcase>
        <testcase classname="tests/api/consignment.test.ts" name="P0-CRUD-4: Consignment Status Update &gt; PATCH /api/consignments/:id/status &gt; returns 401 when not authenticated" time="0.244552125">
        </testcase>
        <testcase classname="tests/api/consignment.test.ts" name="P0-CRUD-4: Consignment Status Update &gt; PATCH /api/consignments/:id/status &gt; returns 400 VALIDATION_ERROR for invalid status value" time="0.278593463">
        </testcase>
        <testcase classname="tests/api/consignment.test.ts" name="P0-CRUD-4: Consignment Status Update &gt; PATCH /api/consignments/:id/status &gt; returns 400 VALIDATION_ERROR for invalid id param" time="0.341189908">
        </testcase>
        <testcase classname="tests/api/consignment.test.ts" name="P0-CRUD-5: Convert Consignment to Inventory &gt; POST /api/consignments/:id/approve &gt; handles consignment approval (authenticated)" time="0.322523888">
        </testcase>
        <testcase classname="tests/api/consignment.test.ts" name="P0-CRUD-5: Convert Consignment to Inventory &gt; POST /api/consignments/:id/approve &gt; returns 401 when not authenticated" time="0.204111914">
        </testcase>
    </testsuite>
    <testsuite name="tests/integration/inventory.test.ts" timestamp="2026-01-09T19:14:28.851Z" hostname="eba8fab8ce80" tests="5" failures="0" errors="0" skipped="0" time="1.863835448">
        <testcase classname="tests/integration/inventory.test.ts" name="Inventory API &gt; GET /api/inventory &gt; returns 200 and array of vehicles" time="0.206241826">
        </testcase>
        <testcase classname="tests/integration/inventory.test.ts" name="Inventory API &gt; GET /api/inventory &gt; returns vehicles with expected fields" time="0.209073019">
        </testcase>
        <testcase classname="tests/integration/inventory.test.ts" name="Inventory API &gt; GET /api/inventory &gt; filters by status=available" time="0.210499746">
        </testcase>
        <testcase classname="tests/integration/inventory.test.ts" name="Inventory API &gt; GET /api/inventory/sold &gt; returns 200 and array of sold vehicles" time="0.21672651">
        </testcase>
        <testcase classname="tests/integration/inventory.test.ts" name="Inventory API &gt; GET /api/vehicle-makes &gt; returns 200 and array of makes" time="0.769399294">
        </testcase>
    </testsuite>
</testsuites>
